C51 COMPILER V9.59.0.0   MAIN                                                              09/22/2021 17:48:39 PAGE 1   


C51 COMPILER V9.59.0.0, COMPILATION OF MODULE MAIN
OBJECT MODULE PLACED IN main.OBJ
COMPILER INVOKED BY: C:\Keil_v5\C51\BIN\C51.EXE main.c OPTIMIZE(8,SPEED) BROWSE DEBUG OBJECTEXTEND TABS(2)

line level    source

*** WARNING C500 IN LINE 1 OF main.c: SERIAL NUMBER EXPIRED
   1          #include <REGX51.H>
   2          #include "ds1307.h"
   3          #define LCD P0  
   4          //****************************************
   5          sbit RS = P1^0;      
   6          sbit EN = P1^1;
   7          
   8          sbit sw1 = P1^4;
   9          sbit sw2 = P1^5;
  10          sbit sw3 = P1^6;
  11          
  12          sbit sw4 = P3^0;
  13          sbit sw5 = P3^1;
  14          
  15          //sbit IR = P1^7;
  16          
  17          char arr_t[10];
  18          int credit[4];
  19          int credit2[4];
  20          int global=0;
  21          //****************************************
  22          void init_lcd(void);
  23          void lcd_data(char);
  24          void lcd_cmd(char);
  25          //****************************************
  26          void delay_lcd(int DD)
  27          {
  28   1        int i,j;
  29   1        for(i=1;i<=DD;i++)
  30   1        {
  31   2          for(j=1;j<=50;j++);
  32   2        }
  33   1      }
  34          //****************************************
  35          void init_LCD()
  36          {
  37   1        RS=0;
  38   1        lcd_cmd(0x38);
  39   1        lcd_cmd(0x01);
  40   1        lcd_cmd(0x0F);
  41   1        lcd_cmd(0x0C);
  42   1        lcd_cmd(0x80);
  43   1        lcd_data('O');
  44   1        lcd_data('K');
  45   1        delay_lcd(1000);
  46   1        lcd_cmd(0x01);
  47   1        lcd_cmd(0x80);
  48   1      }
  49          //****************************************
  50          void lcd_data(char dta)
  51          {
  52   1        RS=1;
  53   1        LCD = dta;
  54   1        EN=1;
C51 COMPILER V9.59.0.0   MAIN                                                              09/22/2021 17:48:39 PAGE 2   

  55   1        delay_lcd(6);
  56   1        EN=0;
  57   1      }
  58          
  59          void lcd_string(char *dat)
  60          {
  61   1        while(*dat)
  62   1        {
  63   2          lcd_data(*dat++);
  64   2        }
  65   1      }
  66          //****************************************
  67          void lcd_cmd(char cmmd)
  68          {
  69   1        RS=0;
  70   1        LCD = cmmd;
  71   1        EN=1;
  72   1        delay_lcd(6);
  73   1        EN=0;
  74   1      } 
  75          //****************************************
  76          void clear_arr_t()
  77          {
  78   1        int i;
  79   1        for(i=0;i<10;i++)
  80   1        {
  81   2          arr_t[i]=' ';
  82   2        } 
  83   1      }
  84          //****************************************
  85          void disp_val(char add, int value, int space)
  86          { 
  87   1      //  char arr_t[10];
  88   1        int c1=0,i;
  89   1        int v1=value; 
  90   1        lcd_cmd(add);
  91   1        for(i=0;i<space;i++)
  92   1        {
  93   2          lcd_data(' ');
  94   2        }
  95   1        if(v1!=0)
  96   1        { 
  97   2          clear_arr_t();
  98   2          while(v1!=0)  
  99   2          {     
 100   3            arr_t[c1] = (v1%10)+48;
 101   3            v1 = v1/10;
 102   3            c1++; 
 103   3          }  
 104   2          lcd_cmd(add);
 105   2          for(i=c1-1;i>=0;i--)
 106   2          {
 107   3            lcd_data(arr_t[i]);
 108   3          }
 109   2        }
 110   1        else
 111   1        {
 112   2          lcd_cmd(add);
 113   2          lcd_data('0');    
 114   2        }
 115   1      }
 116          //****************************************
C51 COMPILER V9.59.0.0   MAIN                                                              09/22/2021 17:48:39 PAGE 3   

 117          void display_time(int hour,int min,int sec)
 118          {
 119   1          unsigned char buf;
 120   1          lcd_cmd(0x80);
 121   1          lcd_data('T');lcd_data('I');lcd_data('M');lcd_data('E');lcd_data(' ');lcd_data(':');lcd_data(' ');
 122   1      
 123   1          buf = hour & 0xF0;
 124   1          buf = (buf>>4);
 125   1          buf = buf + 48;
 126   1          lcd_data(buf);
 127   1      
 128   1          buf = hour & 0x0F;
 129   1          buf = buf + 48;  
 130   1          lcd_data(buf);     
 131   1      
 132   1          lcd_data(':');
 133   1          
 134   1          buf = min & 0xF0;
 135   1          buf = (buf>>4);
 136   1          buf = buf + 48;
 137   1          lcd_data(buf);
 138   1      
 139   1          buf = min & 0x0F;
 140   1          buf = buf + 48;  
 141   1          lcd_data(buf);     
 142   1      
 143   1          lcd_data(':');
 144   1      
 145   1          buf = sec & 0xF0;
 146   1          buf = (buf>>4);
 147   1          buf = buf + 48;  
 148   1          lcd_data(buf);
 149   1      
 150   1          buf = sec & 0x0F;
 151   1          buf = buf + 48;  
 152   1          lcd_data(buf);
 153   1      
 154   1      }
 155          //****************************************
 156          char inttochar(int val)
 157          {
 158   1        char ret;
 159   1        int tmp,tmp1,tmp2;
 160   1      
 161   1        tmp = val;
 162   1        tmp1 = (tmp%10);
 163   1        tmp=tmp/10;
 164   1        tmp2 = (tmp%10);
 165   1        tmp2 = tmp2<<4;
 166   1        ret = tmp1|tmp2;
 167   1        return ret;
 168   1      }
 169          //****************************************
 170          int main()
 171          {   
 172   1        int i,flg1;
 173   1        unsigned char sec, min, hour;
 174   1        unsigned char min2,hour2,min3,hour3;
 175   1        sw4 = 0;
 176   1        sw5 = 1;
 177   1      
 178   1        //global=inttochar(56);
C51 COMPILER V9.59.0.0   MAIN                                                              09/22/2021 17:48:39 PAGE 4   

 179   1        //hour2 = 0x09;
 180   1        //min2 = 0x08;
 181   1        hour3 = 0x09;
 182   1        min3 = 0x10;
 183   1      
 184   1      
 185   1        init_lcd();
 186   1        //DS1307_settime(0x17,0x48,0x06);   /* Set Time (hh:mm:ss) */
 187   1             
 188   1        /*lcd_cmd(0x01);    
 189   1        lcd_cmd(0x80);
 190   1        lcd_data('E');lcd_data('N');lcd_data('T');lcd_data('E');lcd_data('R');lcd_data(' ');lcd_data('S');lcd_dat
             -a('T');lcd_data('A');lcd_data('R');lcd_data('T');lcd_data(' ');lcd_data('T');lcd_data('I');lcd_data('M');lcd_data('E');
 191   1        delay_lcd(2000);
 192   1        for(i=0;i<2;i++)
 193   1        {
 194   1          lcd_cmd(0x01);
 195   1          lcd_cmd(0x80);
 196   1          if(i==0)
 197   1          {
 198   1            lcd_data('H');lcd_data('O');lcd_data('U');lcd_data('R');
 199   1          }           
 200   1          else if(i==1)
 201   1          {
 202   1            lcd_data('M');lcd_data('I');lcd_data('N');lcd_data(' ');  
 203   1          }           
 204   1          
 205   1          credit[i+1]=0;
 206   1          flg1=0;
 207   1          disp_val(0xC0,credit[i+1],4);
 208   1          while(flg1==0)
 209   1          {
 210   1            if(i==0)
 211   1            {
 212   1              if(sw1==0 && credit[i+1]<23)
 213   1              {
 214   1                credit[i+1]+=1;
 215   1                disp_val(0xC0,credit[i+1],4);       
 216   1                delay_lcd(200);
 217   1              }
 218   1            }
 219   1            else
 220   1            {
 221   1              if(sw1==0 && credit[i+1]<59)
 222   1              {
 223   1                credit[i+1]+=1;
 224   1                disp_val(0xC0,credit[i+1],4);       
 225   1                delay_lcd(200);
 226   1              }
 227   1            
 228   1            }
 229   1            if(sw2==0 && credit[i+1]>0)
 230   1            {
 231   1              credit[i+1]-=1;
 232   1              disp_val(0xC0,credit[i+1],4);
 233   1              delay_lcd(200);
 234   1            }
 235   1            if(sw3==0)
 236   1            {
 237   1              flg1=1;
 238   1              delay_lcd(200);
 239   1            }   
C51 COMPILER V9.59.0.0   MAIN                                                              09/22/2021 17:48:39 PAGE 5   

 240   1          }
 241   1        }
 242   1        //
 243   1        lcd_cmd(0x01);    
 244   1        lcd_cmd(0x80);
 245   1        lcd_data('E');lcd_data('N');lcd_data('T');lcd_data('E');lcd_data('R');lcd_data(' ');lcd_data('S');lcd_dat
             -a('T');lcd_data('O');lcd_data('P');lcd_data(' ');lcd_data('T');lcd_data('I');lcd_data('M');lcd_data('E');
 246   1        delay_lcd(2000);
 247   1        for(i=0;i<2;i++)
 248   1        {
 249   1          lcd_cmd(0x01);
 250   1          lcd_cmd(0x80);
 251   1          if(i==0)
 252   1          {
 253   1            lcd_data('H');lcd_data('O');lcd_data('U');lcd_data('R');
 254   1          }           
 255   1          else if(i==1)
 256   1          {
 257   1            lcd_data('M');lcd_data('I');lcd_data('N');lcd_data(' ');  
 258   1          }           
 259   1          
 260   1          credit2[i+1]=0;
 261   1          flg1=0;
 262   1          disp_val(0xC0,credit2[i+1],4);
 263   1          while(flg1==0)
 264   1          {
 265   1            if(i==0)
 266   1            {
 267   1              if(sw1==0 && credit2[i+1]<23)
 268   1              {
 269   1                credit2[i+1]+=1;
 270   1                disp_val(0xC0,credit2[i+1],4);        
 271   1                delay_lcd(200);
 272   1              }
 273   1            }
 274   1            else
 275   1            {
 276   1              if(sw1==0 && credit2[i+1]<59)
 277   1              {
 278   1                credit2[i+1]+=1;
 279   1                disp_val(0xC0,credit2[i+1],4);        
 280   1                delay_lcd(200);
 281   1              }
 282   1            
 283   1            }
 284   1            if(sw2==0 && credit2[i+1]>0)
 285   1            {
 286   1              credit2[i+1]-=1;
 287   1              disp_val(0xC0,credit2[i+1],4);
 288   1              delay_lcd(200);
 289   1            }
 290   1            if(sw3==0)
 291   1            {
 292   1              flg1=1;
 293   1              delay_lcd(200);
 294   1            }   
 295   1          }
 296   1        }
 297   1        //
 298   1        hour2 = inttochar(credit[1]);
 299   1        min2  = inttochar(credit[2]);
 300   1        hour3 = inttochar(credit2[1]);
C51 COMPILER V9.59.0.0   MAIN                                                              09/22/2021 17:48:39 PAGE 6   

 301   1        min3  = inttochar(credit2[2]);*/
 302   1      
 303   1        lcd_cmd(0x01);
 304   1        while(1)
 305   1        {   
 306   2          sec   = DS1307_get(SEC);  
 307   2          min   = DS1307_get(MIN);  
 308   2          hour  = DS1307_get(HOUR);
 309   2          display_time(hour,min,sec);
 310   2        
 311   2        }             
 312   1        return 0;
 313   1      }
*** WARNING C280 IN LINE 172 OF main.c: 'i': unreferenced local variable
*** WARNING C280 IN LINE 172 OF main.c: 'flg1': unreferenced local variable
*** WARNING C280 IN LINE 174 OF main.c: 'min2': unreferenced local variable
*** WARNING C280 IN LINE 174 OF main.c: 'hour2': unreferenced local variable
*** WARNING C294 IN LINE 312 OF main.c: unreachable code


MODULE INFORMATION:   STATIC OVERLAYABLE
   CODE SIZE        =    806    ----
   CONSTANT SIZE    =   ----    ----
   XDATA SIZE       =   ----    ----
   PDATA SIZE       =   ----    ----
   DATA SIZE        =     28      24
   IDATA SIZE       =   ----    ----
   BIT SIZE         =   ----       2
END OF MODULE INFORMATION.


C51 COMPILATION COMPLETE.  6 WARNING(S),  0 ERROR(S)
